// Jest Snapshot v1, https://goo.gl/fbAQLP

exports[`Lists Should match the snapshot 1`] = `
ShallowWrapper {
  "length": 1,
  Symbol(enzyme.__root__): [Circular],
  Symbol(enzyme.__unrendered__): <Lists
    pokemons={
      Array [
        Object {
          "image": "https://raw.githubusercontent.com/PokeAPI/sprites/master/sprites/pokemon/back/56.png",
          "name": "mankey",
          "weight": 280,
        },
        Object {
          "image": "https://raw.githubusercontent.com/PokeAPI/sprites/master/sprites/pokemon/back/57.png",
          "name": "primeape",
          "weight": 280,
        },
      ]
    }
  />,
  Symbol(enzyme.__renderer__): Object {
    "batchedUpdates": [Function],
    "getNode": [Function],
    "render": [Function],
    "simulateEvent": [Function],
    "unmount": [Function],
  },
  Symbol(enzyme.__node__): Object {
    "instance": null,
    "key": undefined,
    "nodeType": "host",
    "props": Object {
      "children": Array [
        <div>
          <h1>
            mankey
          </h1>
          <img
            src="https://raw.githubusercontent.com/PokeAPI/sprites/master/sprites/pokemon/back/56.png"
          />
          <h2>
            280
          </h2>
        </div>,
        <div>
          <h1>
            primeape
          </h1>
          <img
            src="https://raw.githubusercontent.com/PokeAPI/sprites/master/sprites/pokemon/back/57.png"
          />
          <h2>
            280
          </h2>
        </div>,
      ],
      "className": "Lists",
    },
    "ref": null,
    "rendered": Array [
      Object {
        "instance": null,
        "key": "mankey0",
        "nodeType": "host",
        "props": Object {
          "children": Array [
            <h1>
              mankey
            </h1>,
            <img
              src="https://raw.githubusercontent.com/PokeAPI/sprites/master/sprites/pokemon/back/56.png"
            />,
            <h2>
              280
            </h2>,
          ],
        },
        "ref": null,
        "rendered": Array [
          Object {
            "instance": null,
            "key": undefined,
            "nodeType": "host",
            "props": Object {
              "children": "mankey",
            },
            "ref": null,
            "rendered": "mankey",
            "type": "h1",
          },
          Object {
            "instance": null,
            "key": undefined,
            "nodeType": "host",
            "props": Object {
              "src": "https://raw.githubusercontent.com/PokeAPI/sprites/master/sprites/pokemon/back/56.png",
            },
            "ref": null,
            "rendered": null,
            "type": "img",
          },
          Object {
            "instance": null,
            "key": undefined,
            "nodeType": "host",
            "props": Object {
              "children": 280,
            },
            "ref": null,
            "rendered": 280,
            "type": "h2",
          },
        ],
        "type": "div",
      },
      Object {
        "instance": null,
        "key": "primeape1",
        "nodeType": "host",
        "props": Object {
          "children": Array [
            <h1>
              primeape
            </h1>,
            <img
              src="https://raw.githubusercontent.com/PokeAPI/sprites/master/sprites/pokemon/back/57.png"
            />,
            <h2>
              280
            </h2>,
          ],
        },
        "ref": null,
        "rendered": Array [
          Object {
            "instance": null,
            "key": undefined,
            "nodeType": "host",
            "props": Object {
              "children": "primeape",
            },
            "ref": null,
            "rendered": "primeape",
            "type": "h1",
          },
          Object {
            "instance": null,
            "key": undefined,
            "nodeType": "host",
            "props": Object {
              "src": "https://raw.githubusercontent.com/PokeAPI/sprites/master/sprites/pokemon/back/57.png",
            },
            "ref": null,
            "rendered": null,
            "type": "img",
          },
          Object {
            "instance": null,
            "key": undefined,
            "nodeType": "host",
            "props": Object {
              "children": 280,
            },
            "ref": null,
            "rendered": 280,
            "type": "h2",
          },
        ],
        "type": "div",
      },
    ],
    "type": "div",
  },
  Symbol(enzyme.__nodes__): Array [
    Object {
      "instance": null,
      "key": undefined,
      "nodeType": "host",
      "props": Object {
        "children": Array [
          <div>
            <h1>
              mankey
            </h1>
            <img
              src="https://raw.githubusercontent.com/PokeAPI/sprites/master/sprites/pokemon/back/56.png"
            />
            <h2>
              280
            </h2>
          </div>,
          <div>
            <h1>
              primeape
            </h1>
            <img
              src="https://raw.githubusercontent.com/PokeAPI/sprites/master/sprites/pokemon/back/57.png"
            />
            <h2>
              280
            </h2>
          </div>,
        ],
        "className": "Lists",
      },
      "ref": null,
      "rendered": Array [
        Object {
          "instance": null,
          "key": "mankey0",
          "nodeType": "host",
          "props": Object {
            "children": Array [
              <h1>
                mankey
              </h1>,
              <img
                src="https://raw.githubusercontent.com/PokeAPI/sprites/master/sprites/pokemon/back/56.png"
              />,
              <h2>
                280
              </h2>,
            ],
          },
          "ref": null,
          "rendered": Array [
            Object {
              "instance": null,
              "key": undefined,
              "nodeType": "host",
              "props": Object {
                "children": "mankey",
              },
              "ref": null,
              "rendered": "mankey",
              "type": "h1",
            },
            Object {
              "instance": null,
              "key": undefined,
              "nodeType": "host",
              "props": Object {
                "src": "https://raw.githubusercontent.com/PokeAPI/sprites/master/sprites/pokemon/back/56.png",
              },
              "ref": null,
              "rendered": null,
              "type": "img",
            },
            Object {
              "instance": null,
              "key": undefined,
              "nodeType": "host",
              "props": Object {
                "children": 280,
              },
              "ref": null,
              "rendered": 280,
              "type": "h2",
            },
          ],
          "type": "div",
        },
        Object {
          "instance": null,
          "key": "primeape1",
          "nodeType": "host",
          "props": Object {
            "children": Array [
              <h1>
                primeape
              </h1>,
              <img
                src="https://raw.githubusercontent.com/PokeAPI/sprites/master/sprites/pokemon/back/57.png"
              />,
              <h2>
                280
              </h2>,
            ],
          },
          "ref": null,
          "rendered": Array [
            Object {
              "instance": null,
              "key": undefined,
              "nodeType": "host",
              "props": Object {
                "children": "primeape",
              },
              "ref": null,
              "rendered": "primeape",
              "type": "h1",
            },
            Object {
              "instance": null,
              "key": undefined,
              "nodeType": "host",
              "props": Object {
                "src": "https://raw.githubusercontent.com/PokeAPI/sprites/master/sprites/pokemon/back/57.png",
              },
              "ref": null,
              "rendered": null,
              "type": "img",
            },
            Object {
              "instance": null,
              "key": undefined,
              "nodeType": "host",
              "props": Object {
                "children": 280,
              },
              "ref": null,
              "rendered": 280,
              "type": "h2",
            },
          ],
          "type": "div",
        },
      ],
      "type": "div",
    },
  ],
  Symbol(enzyme.__options__): Object {
    "adapter": ReactSixteenAdapter {
      "options": Object {
        "enableComponentDidUpdateOnSetState": true,
      },
    },
  },
}
`;
